error: conflicting cxx::alias_namespace attributes for crate::here: correct, folly
